---
source: tui/src/diff_render.rs
expression: terminal.backend()
---
"proposed patch to 1 file (+1 -1)                                                "
"  â”” README.md                                                                   "
"    1     -# Codex CLI (Rust Implementation)                                    "
"    1     +# Codex CLI (Rust Implementation) banana                             "
"                                                                                "
"                                                                                "
"                                                                                "
"                                                                                "
