---
source: tui/src/bottom_pane/chat_composer.rs
expression: terminal.backend()
---
"▌ Ask Codex to do anything                                                                          "
"▌                                                                                                   "
"▌                                                                                                   "
"▌                                                                                                   "
"▌                                                                                                   "
"▌                                                                                                   "
"▌                                                                                                   "
"▌                                                                                                   "
"▌                                                                                                   "
" ⏎ send   Ctrl+J newline   Ctrl+T transcript   Ctrl+C quit                                          "
