---
source: tui/src/chatwidget/tests.rs
expression: combined
---
codex
Here is the result.
